Archive member included because of file (symbol)

c:/program files (x86)/atmel/atmel toolchain/avr8 gcc/native/3.4.2.1002/avr8-gnu-toolchain/bin/../lib/gcc/avr/4.7.2/../../../../avr/lib/avrxmega7\libm.a(addsf3.o)
                              mechanism.o (__addsf3)
c:/program files (x86)/atmel/atmel toolchain/avr8 gcc/native/3.4.2.1002/avr8-gnu-toolchain/bin/../lib/gcc/avr/4.7.2/../../../../avr/lib/avrxmega7\libm.a(addsf3x.o)
                              c:/program files (x86)/atmel/atmel toolchain/avr8 gcc/native/3.4.2.1002/avr8-gnu-toolchain/bin/../lib/gcc/avr/4.7.2/../../../../avr/lib/avrxmega7\libm.a(addsf3.o) (__addsf3x)
c:/program files (x86)/atmel/atmel toolchain/avr8 gcc/native/3.4.2.1002/avr8-gnu-toolchain/bin/../lib/gcc/avr/4.7.2/../../../../avr/lib/avrxmega7\libm.a(atan2.o)
                              mechanism.o (atan2)
c:/program files (x86)/atmel/atmel toolchain/avr8 gcc/native/3.4.2.1002/avr8-gnu-toolchain/bin/../lib/gcc/avr/4.7.2/../../../../avr/lib/avrxmega7\libm.a(atan.o)
                              c:/program files (x86)/atmel/atmel toolchain/avr8 gcc/native/3.4.2.1002/avr8-gnu-toolchain/bin/../lib/gcc/avr/4.7.2/../../../../avr/lib/avrxmega7\libm.a(atan2.o) (atan)
c:/program files (x86)/atmel/atmel toolchain/avr8 gcc/native/3.4.2.1002/avr8-gnu-toolchain/bin/../lib/gcc/avr/4.7.2/../../../../avr/lib/avrxmega7\libm.a(cmpsf2.o)
                              mechanism.o (__ltsf2)
c:/program files (x86)/atmel/atmel toolchain/avr8 gcc/native/3.4.2.1002/avr8-gnu-toolchain/bin/../lib/gcc/avr/4.7.2/../../../../avr/lib/avrxmega7\libm.a(cos.o)
                              interrupt.o (cos)
c:/program files (x86)/atmel/atmel toolchain/avr8 gcc/native/3.4.2.1002/avr8-gnu-toolchain/bin/../lib/gcc/avr/4.7.2/../../../../avr/lib/avrxmega7\libm.a(divsf3.o)
                              interrupt.o (__divsf3)
c:/program files (x86)/atmel/atmel toolchain/avr8 gcc/native/3.4.2.1002/avr8-gnu-toolchain/bin/../lib/gcc/avr/4.7.2/../../../../avr/lib/avrxmega7\libm.a(divsf3x.o)
                              c:/program files (x86)/atmel/atmel toolchain/avr8 gcc/native/3.4.2.1002/avr8-gnu-toolchain/bin/../lib/gcc/avr/4.7.2/../../../../avr/lib/avrxmega7\libm.a(divsf3.o) (__divsf3x)
c:/program files (x86)/atmel/atmel toolchain/avr8 gcc/native/3.4.2.1002/avr8-gnu-toolchain/bin/../lib/gcc/avr/4.7.2/../../../../avr/lib/avrxmega7\libm.a(fixsfsi.o)
                              interrupt.o (__fixsfsi)
c:/program files (x86)/atmel/atmel toolchain/avr8 gcc/native/3.4.2.1002/avr8-gnu-toolchain/bin/../lib/gcc/avr/4.7.2/../../../../avr/lib/avrxmega7\libm.a(fixunssfsi.o)
                              c:/program files (x86)/atmel/atmel toolchain/avr8 gcc/native/3.4.2.1002/avr8-gnu-toolchain/bin/../lib/gcc/avr/4.7.2/../../../../avr/lib/avrxmega7\libm.a(fixsfsi.o) (__fixunssfsi)
c:/program files (x86)/atmel/atmel toolchain/avr8 gcc/native/3.4.2.1002/avr8-gnu-toolchain/bin/../lib/gcc/avr/4.7.2/../../../../avr/lib/avrxmega7\libm.a(floatsisf.o)
                              interrupt.o (__floatsisf)
c:/program files (x86)/atmel/atmel toolchain/avr8 gcc/native/3.4.2.1002/avr8-gnu-toolchain/bin/../lib/gcc/avr/4.7.2/../../../../avr/lib/avrxmega7\libm.a(fp_cmp.o)
                              c:/program files (x86)/atmel/atmel toolchain/avr8 gcc/native/3.4.2.1002/avr8-gnu-toolchain/bin/../lib/gcc/avr/4.7.2/../../../../avr/lib/avrxmega7\libm.a(cmpsf2.o) (__fp_cmp)
c:/program files (x86)/atmel/atmel toolchain/avr8 gcc/native/3.4.2.1002/avr8-gnu-toolchain/bin/../lib/gcc/avr/4.7.2/../../../../avr/lib/avrxmega7\libm.a(fp_inf.o)
                              c:/program files (x86)/atmel/atmel toolchain/avr8 gcc/native/3.4.2.1002/avr8-gnu-toolchain/bin/../lib/gcc/avr/4.7.2/../../../../avr/lib/avrxmega7\libm.a(addsf3x.o) (__fp_inf)
c:/program files (x86)/atmel/atmel toolchain/avr8 gcc/native/3.4.2.1002/avr8-gnu-toolchain/bin/../lib/gcc/avr/4.7.2/../../../../avr/lib/avrxmega7\libm.a(fp_nan.o)
                              c:/program files (x86)/atmel/atmel toolchain/avr8 gcc/native/3.4.2.1002/avr8-gnu-toolchain/bin/../lib/gcc/avr/4.7.2/../../../../avr/lib/avrxmega7\libm.a(addsf3x.o) (__fp_nan)
c:/program files (x86)/atmel/atmel toolchain/avr8 gcc/native/3.4.2.1002/avr8-gnu-toolchain/bin/../lib/gcc/avr/4.7.2/../../../../avr/lib/avrxmega7\libm.a(fp_powser.o)
                              c:/program files (x86)/atmel/atmel toolchain/avr8 gcc/native/3.4.2.1002/avr8-gnu-toolchain/bin/../lib/gcc/avr/4.7.2/../../../../avr/lib/avrxmega7\libm.a(atan.o) (__fp_powser)
c:/program files (x86)/atmel/atmel toolchain/avr8 gcc/native/3.4.2.1002/avr8-gnu-toolchain/bin/../lib/gcc/avr/4.7.2/../../../../avr/lib/avrxmega7\libm.a(fp_pscA.o)
                              c:/program files (x86)/atmel/atmel toolchain/avr8 gcc/native/3.4.2.1002/avr8-gnu-toolchain/bin/../lib/gcc/avr/4.7.2/../../../../avr/lib/avrxmega7\libm.a(addsf3x.o) (__fp_pscA)
[...]
Memory Configuration

Name             Origin             Length             Attributes
text             0x00000000         0x00100000         xr
data             0x00802000         0x0000ffa0         rw !x
eeprom           0x00810000         0x00010000         rw !x
fuse             0x00820000         0x00000400         rw !x
lock             0x00830000         0x00000400         rw !x
signature        0x00840000         0x00000400         rw !x
user_signatures  0x00850000         0x00000400         rw !x
*default*        0x00000000         0xffffffff

Linker script and memory map

LOAD c:/program files (x86)/atmel/atmel toolchain/avr8 gcc/native/3.4.2.1002/avr8-gnu-toolchain/bin/../lib/gcc/avr/4.7.2/../../../../avr/lib/avrxmega7/crtx128a1.o
LOAD adc_driver.o
LOAD hardware.o
LOAD interrupt.o
LOAD mechanism.o
LOAD port_driver.o
LOAD TC_driver.o
LOAD testiranje.o
LOAD usart_driver.o
LOAD X-Drive_Odometry.o
START GROUP
LOAD c:/program files (x86)/atmel/atmel toolchain/avr8 gcc/native/3.4.2.1002/avr8-gnu-toolchain/bin/../lib/gcc/avr/4.7.2/../../../../avr/lib/avrxmega7\libm.a
END GROUP
LOAD c:/program files (x86)/atmel/atmel toolchain/avr8 gcc/native/3.4.2.1002/avr8-gnu-toolchain/bin/../lib/gcc/avr/4.7.2/avrxmega7\libgcc.a
LOAD c:/program files (x86)/atmel/atmel toolchain/avr8 gcc/native/3.4.2.1002/avr8-gnu-toolchain/bin/../lib/gcc/avr/4.7.2/../../../../avr/lib/avrxmega7\libc.a
LOAD c:/program files (x86)/atmel/atmel toolchain/avr8 gcc/native/3.4.2.1002/avr8-gnu-toolchain/bin/../lib/gcc/avr/4.7.2/avrxmega7\libgcc.a

.hash
 *(.hash)

.dynsym
 *(.dynsym)

.dynstr
 *(.dynstr)

.gnu.version
 *(.gnu.version)

.gnu.version_d
 *(.gnu.version_d)

.gnu.version_r
 *(.gnu.version_r)

.rel.init
 *(.rel.init)

.rela.init
 *(.rela.init)

.rel.text
 *(.rel.text)
 *(.rel.text.*)
 *(.rel.gnu.linkonce.t*)

.rela.text
 *(.rela.text)
 *(.rela.text.*)
 *(.rela.gnu.linkonce.t*)

.rel.fini
 *(.rel.fini)

.rela.fini
 *(.rela.fini)

.rel.rodata
 *(.rel.rodata)
 *(.rel.rodata.*)
 *(.rel.gnu.linkonce.r*)

.rela.rodata
 *(.rela.rodata)
 *(.rela.rodata.*)
 *(.rela.gnu.linkonce.r*)

.rel.data
 *(.rel.data)
 *(.rel.data.*)
 *(.rel.gnu.linkonce.d*)

.rela.data
 *(.rela.data)
 *(.rela.data.*)
 *(.rela.gnu.linkonce.d*)

.rel.ctors
 *(.rel.ctors)

.rela.ctors
 *(.rela.ctors)

.rel.dtors
 *(.rel.dtors)

.rela.dtors
 *(.rela.dtors)

.rel.got
 *(.rel.got)

.rela.got
 *(.rela.got)

.rel.bss
 *(.rel.bss)

.rela.bss
 *(.rela.bss)

.rel.plt
 *(.rel.plt)

.rela.plt
 *(.rela.plt)

.text           0x00000000     0x7192
 *(.vectors)
 .vectors       0x00000000      0x1f4 c:/program files (x86)/atmel/atmel toolchain/avr8 gcc/native/3.4.2.1002/avr8-gnu-toolchain/bin/../lib/gcc/avr/4.7.2/../../../../avr/lib/avrxmega7/crtx128a1.o
                0x00000000                __vector_default
                0x00000000                __vectors
 *(.vectors)
 *(.progmem.gcc*)
 .progmem.gcc_fplib
                0x000001f4       0x2d c:/program files (x86)/atmel/atmel toolchain/avr8 gcc/native/3.4.2.1002/avr8-gnu-toolchain/bin/../lib/gcc/avr/4.7.2/../../../../avr/lib/avrxmega7\libm.a(atan.o)
 .progmem.gcc_fplib
                0x00000221       0x1e c:/program files (x86)/atmel/atmel toolchain/avr8 gcc/native/3.4.2.1002/avr8-gnu-toolchain/bin/../lib/gcc/avr/4.7.2/../../../../avr/lib/avrxmega7\libm.a(fp_sinus.o)
 *(.progmem*)
                0x00000240                . = ALIGN (0x2)
 *fill*         0x0000023f        0x1 
                0x00000240                __trampolines_start = .
 *(.trampolines)
 .trampolines   0x00000240        0x0 linker stubs
 *(.trampolines*)
                0x00000240                __trampolines_end = .
 *(.jumptables)
 *(.jumptables*)
 *(.lowtext)
 *(.lowtext*)
                0x00000240                __ctors_start = .
 *(.ctors)
                0x00000240                __ctors_end = .
                0x00000240                __dtors_start = .
 *(.dtors)
                0x00000240                __dtors_end = .
 SORT(*)(.ctors)
 SORT(*)(.dtors)
 *(.init0)
 .init0         0x00000240        0x0 c:/program files (x86)/atmel/atmel toolchain/avr8 gcc/native/3.4.2.1002/avr8-gnu-toolchain/bin/../lib/gcc/avr/4.7.2/../../../../avr/lib/avrxmega7/crtx128a1.o
                0x00000240                __init
 *(.init0)
 *(.init1)
 *(.init1)
 *(.init2)
 .init2         0x00000240       0x18 c:/program files (x86)/atmel/atmel toolchain/avr8 gcc/native/3.4.2.1002/avr8-gnu-toolchain/bin/../lib/gcc/avr/4.7.2/../../../../avr/lib/avrxmega7/crtx128a1.o
 *(.init2)
 *(.init3)
 *(.init3)
 *(.init4)
 .init4         0x00000258       0x1c c:/program files (x86)/atmel/atmel toolchain/avr8 gcc/native/3.4.2.1002/avr8-gnu-toolchain/bin/../lib/gcc/avr/4.7.2/avrxmega7\libgcc.a(_copy_data.o)
                0x00000258                __do_copy_data
 .init4         0x00000274       0x10 c:/program files (x86)/atmel/atmel toolchain/avr8 gcc/native/3.4.2.1002/avr8-gnu-toolchain/bin/../lib/gcc/avr/4.7.2/avrxmega7\libgcc.a(_clear_bss.o)
                0x00000274                __do_clear_bss
 *(.init4)
 *(.init5)
 *(.init5)
 *(.init6)
 *(.init6)
 *(.init7)
 *(.init7)
 *(.init8)
 *(.init8)
 *(.init9)
 .init9         0x00000284        0x8 c:/program files (x86)/atmel/atmel toolchain/avr8 gcc/native/3.4.2.1002/avr8-gnu-toolchain/bin/../lib/gcc/avr/4.7.2/../../../../avr/lib/avrxmega7/crtx128a1.o
 *(.init9)
 *(.text)
 .text          0x0000028c        0x2 c:/program files (x86)/atmel/atmel toolchain/avr8 gcc/native/3.4.2.1002/avr8-gnu-toolchain/bin/../lib/gcc/avr/4.7.2/../../../../avr/lib/avrxmega7/crtx128a1.o
                0x0000028c                __vector_38
                0x0000028c                __vector_104
                0x0000028c                __vector_22
                0x0000028c                __vector_63
                0x0000028c                __vector_28
                0x0000028c                __vector_67
                0x0000028c                __vector_1
                0x0000028c                __vector_119
                0x0000028c                __vector_32
                0x0000028c                __vector_75
                0x0000028c                __vector_71
                0x0000028c                __vector_91
                0x0000028c                __vector_102
                0x0000028c                __vector_24
                0x0000028c                __vector_12
                0x0000028c                __vector_55
                0x0000028c                __vector_69
                0x0000028c                __vector_81
                0x0000028c                __vector_90
                0x0000028c                __vector_46
                0x0000028c                __bad_interrupt
                0x0000028c                __vector_122
                0x0000028c                __vector_72
                0x0000028c                __vector_114
                0x0000028c                __vector_6
                0x0000028c                __vector_31
                0x0000028c                __vector_92
                0x0000028c                __vector_35
                0x0000028c                __vector_78
                0x0000028c                __vector_74
                0x0000028c                __vector_117
                0x0000028c                __vector_39
                0x0000028c                __vector_107
                0x0000028c                __vector_3
                0x0000028c                __vector_105
                0x0000028c                __vector_98
                0x0000028c                __vector_23
                0x0000028c                __vector_68
                0x0000028c                __vector_30
                0x0000028c                __vector_73
                0x0000028c                __vector_45
                0x0000028c                __vector_93
                0x0000028c                __vector_11
                0x0000028c                __vector_54
                0x0000028c                __vector_99
                0x0000028c                __vector_13
                0x0000028c                __vector_17
                0x0000028c                __vector_19
                0x0000028c                __vector_56
                0x0000028c                __vector_7
                0x0000028c                __vector_49
                0x0000028c                __vector_123
                0x0000028c                __vector_41
                0x0000028c                __vector_86
                0x0000028c                __vector_100
                0x0000028c                __vector_101
                0x0000028c                __vector_64
                0x0000028c                __vector_88
                0x0000028c                __vector_109
                0x0000028c                __vector_43
                0x0000028c                __vector_27
                0x0000028c                __vector_5
                0x0000028c                __vector_113
                0x0000028c                __vector_33
                0x0000028c                __vector_76
                0x0000028c                __vector_115
                0x0000028c                __vector_47
                0x0000028c                __vector_52
                0x0000028c                __vector_37
                0x0000028c                __vector_95
                0x0000028c                __vector_103
                0x0000028c                __vector_96
                0x0000028c                __vector_89
                0x0000028c                __vector_4
                0x0000028c                __vector_44
                0x0000028c                __vector_82
                0x0000028c                __vector_106
                0x0000028c                __vector_118
                0x0000028c                __vector_51
                0x0000028c                __vector_9
                0x0000028c                __vector_2
                0x0000028c                __vector_21
                0x0000028c                __vector_15
                0x0000028c                __vector_66
                0x0000028c                __vector_36
                0x0000028c                __vector_79
                0x0000028c                __vector_70
                0x0000028c                __vector_29
                0x0000028c                __vector_60
                0x0000028c                __vector_121
                0x0000028c                __vector_40
                0x0000028c                __vector_85
                0x0000028c                __vector_94
                0x0000028c                __vector_8
                0x0000028c                __vector_48
                0x0000028c                __vector_124
                0x0000028c                __vector_116
                0x0000028c                __vector_112
                0x0000028c                __vector_111
                0x0000028c                __vector_80
                0x0000028c                __vector_14
                0x0000028c                __vector_84
                0x0000028c                __vector_57
                0x0000028c                __vector_10
                0x0000028c                __vector_50
                0x0000028c                __vector_16
                0x0000028c                __vector_18
                0x0000028c                __vector_97
                0x0000028c                __vector_20
                0x0000028c                __vector_42
                0x0000028c                __vector_87
                0x0000028c                __vector_65
                0x0000028c                __vector_120
                0x0000028e                . = ALIGN (0x2)
 *(.text.*)
 .text.ADC_ResultCh_GetWord
                0x0000028e       0x1e adc_driver.o
                0x0000028e                ADC_ResultCh_GetWord
 .text.ADC_ResultCh_GetLowByte
                0x000002ac        0xc adc_driver.o
                0x000002ac                ADC_ResultCh_GetLowByte
 .text.ADC_Wait_32MHz
                0x000002b8       0x14 adc_driver.o
                0x000002b8                ADC_Wait_32MHz
 .text.ADC_Offset_Get
                0x000002cc       0x50 adc_driver.o
                0x000002cc                ADC_Offset_Get
 .text.SP_ReadCalibrationByte
                0x0000031c       0x12 adc_driver.o
                0x0000031c                SP_ReadCalibrationByte
 .text.ADC_CalibrationValues_Set
                0x0000032e       0x2e adc_driver.o
                0x0000032e                ADC_CalibrationValues_Set
 .text.Podesi_Parametre_Robota
                0x0000035c      0x134 hardware.o
                0x0000035c                Podesi_Parametre_Robota
 .text.Podesi_PID_Pojacanja
                0x00000490       0xfe hardware.o
                0x00000490                Podesi_PID_Pojacanja
 .text.Podesi_QDEC
                0x0000058e       0x70 hardware.o
                0x0000058e                Podesi_QDEC
 .text.PodesiADC
                0x000005fe       0x6c hardware.o
                0x000005fe                PodesiADC
 .text.Podesi_Interapt
                0x0000066a       0x20 hardware.o
                0x0000066a                Podesi_Interapt
 .text.Podesi_Oscilator
                0x0000068a       0x24 hardware.o
                0x0000068a                Podesi_Oscilator
 .text.Podesi_USART_Komunikaciju
                0x000006ae      0x100 hardware.o
                0x000006ae                Podesi_USART_Komunikaciju
 .text.Podesi_Tajmere
                0x000007ae       0x20 hardware.o
                0x000007ae                Podesi_Tajmere
 .text.Podesi_PWM
                0x000007ce       0x28 hardware.o
                0x000007ce                Podesi_PWM
 .text.Podesi_Pinove
                0x000007f6       0x54 hardware.o
                0x000007f6                Podesi_Pinove
 .text.__vector_53
                0x0000084a      0x1e0 interrupt.o
                0x0000084a                __vector_53
 .text.__vector_58
                0x00000a2a     0x1206 interrupt.o
                0x00000a2a                __vector_58
 .text.__vector_61
                0x00001c30     0x1992 interrupt.o
                0x00001c30                __vector_61
 .text.__vector_25
                0x000035c2     0x105e interrupt.o
                0x000035c2                __vector_25
 .text.__vector_77
                0x00004620       0x54 interrupt.o
                0x00004620                __vector_77
 .text.__vector_83
                0x00004674       0x54 interrupt.o
                0x00004674                __vector_83
 .text.__vector_59
                0x000046c8       0x6a interrupt.o
                0x000046c8                __vector_59
 .text.__vector_62
                0x00004732       0x6a interrupt.o
                0x00004732                __vector_62
 .text.__vector_26
                0x0000479c       0x6a interrupt.o
                0x0000479c                __vector_26
 .text.__vector_34
                0x00004806      0x3b6 interrupt.o
                0x00004806                __vector_34
 .text.Racunanje_trenutne_pozicije
                0x00004bbc      0x44e mechanism.o
                0x00004bbc                Racunanje_trenutne_pozicije
 .text.Pracenje_pravca
                0x0000500a      0x4dc mechanism.o
                0x0000500a                Pracenje_pravca
 .text.PID_pravolinijski
                0x000054e6      0x4bc mechanism.o
                0x000054e6                PID_pravolinijski
 .text.PID_ugaoni
                0x000059a2      0x4f4 mechanism.o
                0x000059a2                PID_ugaoni
 .text.PID_brzinski
                0x00005e96      0x62e mechanism.o
                0x00005e96                PID_brzinski
 .text.PORT_ConfigureInterrupt0
                0x000064c4        0xe port_driver.o
                0x000064c4                PORT_ConfigureInterrupt0
 .text.PORT_ConfigurePins
                0x000064d2       0x32 port_driver.o
                0x000064d2                PORT_ConfigurePins
 .text.TC1_ConfigClockSource
                0x00006504        0xc TC_driver.o
                0x00006504                TC1_ConfigClockSource
 .text.TC1_SetOverflowIntLevel
                0x00006510        0xc TC_driver.o
                0x00006510                TC1_SetOverflowIntLevel
 .text.nuliraj_poziciju_robota
                0x0000651c       0xbc testiranje.o
                0x0000651c                nuliraj_poziciju_robota
 .text.zadaj_teta
                0x000065d8       0x48 testiranje.o
                0x000065d8                zadaj_teta
 .text.idi_pravo
                0x00006620       0x98 testiranje.o
                0x00006620                idi_pravo
 .text.__vector_110
                0x000066b8       0x3e testiranje.o
                0x000066b8                __vector_110
 .text.__vector_108
                0x000066f6       0x3e testiranje.o
                0x000066f6                __vector_108
 .text.demo_1   0x00006734       0xf4 testiranje.o
                0x00006734                demo_1
 .text.USART_InterruptDriver_Initialize
                0x00006828       0x28 usart_driver.o
                0x00006828                USART_InterruptDriver_Initialize
 .text.USART_TXBuffer_FreeSpace
                0x00006850       0x1c usart_driver.o
                0x00006850                USART_TXBuffer_FreeSpace
 .text.USART_TXBuffer_PutByte
                0x0000686c       0x3e usart_driver.o
                0x0000686c                USART_TXBuffer_PutByte
 .text.USART_RXBuffer_GetByte
                0x000068aa       0x1c usart_driver.o
                0x000068aa                USART_RXBuffer_GetByte
 .text.USART_RXComplete
                0x000068c6       0x3c usart_driver.o
                0x000068c6                USART_RXComplete
 .text.USART_DataRegEmpty
                0x00006902       0x4e usart_driver.o
                0x00006902                USART_DataRegEmpty
 .text.main     0x00006950       0x74 X-Drive_Odometry.o
                0x00006950                main
 .text.avr-libc.fplib
                0x000069c4        0xa c:/program files (x86)/atmel/atmel toolchain/avr8 gcc/native/3.4.2.1002/avr8-gnu-toolchain/bin/../lib/gcc/avr/4.7.2/../../../../avr/lib/avrxmega7\libm.a(addsf3.o)
                0x000069c4                __subsf3
                0x000069c6                __addsf3
 .text.avr-libc.fplib
                0x000069ce       0xc0 c:/program files (x86)/atmel/atmel toolchain/avr8 gcc/native/3.4.2.1002/avr8-gnu-toolchain/bin/../lib/gcc/avr/4.7.2/../../../../avr/lib/avrxmega7\libm.a(addsf3x.o)
                0x000069e8                __addsf3x
 .text.avr-libc.fplib
                0x00006a8e       0x74 c:/program files (x86)/atmel/atmel toolchain/avr8 gcc/native/3.4.2.1002/avr8-gnu-toolchain/bin/../lib/gcc/avr/4.7.2/../../../../avr/lib/avrxmega7\libm.a(atan2.o)
                0x00006aac                atan2
 .text.avr-libc.fplib
                0x00006b02       0x50 c:/program files (x86)/atmel/atmel toolchain/avr8 gcc/native/3.4.2.1002/avr8-gnu-toolchain/bin/../lib/gcc/avr/4.7.2/../../../../avr/lib/avrxmega7\libm.a(atan.o)
                0x00006b02                atan
 .text.avr-libc.fplib
                0x00006b52        0x8 c:/program files (x86)/atmel/atmel toolchain/avr8 gcc/native/3.4.2.1002/avr8-gnu-toolchain/bin/../lib/gcc/avr/4.7.2/../../../../avr/lib/avrxmega7\libm.a(cmpsf2.o)
                0x00006b52                __nesf2
                0x00006b52                __eqsf2
                0x00006b52                __cmpsf2
                0x00006b52                __ltsf2
                0x00006b52                __lesf2
 .text.avr-libc.fplib
                0x00006b5a        0x6 c:/program files (x86)/atmel/atmel toolchain/avr8 gcc/native/3.4.2.1002/avr8-gnu-toolchain/bin/../lib/gcc/avr/4.7.2/../../../../avr/lib/avrxmega7\libm.a(cos.o)
                0x00006b5a                cos
 .text.avr-libc.fplib
                0x00006b60        0x4 c:/program files (x86)/atmel/atmel toolchain/avr8 gcc/native/3.4.2.1002/avr8-gnu-toolchain/bin/../lib/gcc/avr/4.7.2/../../../../avr/lib/avrxmega7\libm.a(divsf3.o)
                0x00006b60                __divsf3
 .text.avr-libc.fplib
                0x00006b64       0xcc c:/program files (x86)/atmel/atmel toolchain/avr8 gcc/native/3.4.2.1002/avr8-gnu-toolchain/bin/../lib/gcc/avr/4.7.2/../../../../avr/lib/avrxmega7\libm.a(divsf3x.o)
                0x00006b7a                __divsf3x
                0x00006b7e                __divsf3_pse
 .text.avr-libc.fplib
                0x00006c30        0xa c:/program files (x86)/atmel/atmel toolchain/avr8 gcc/native/3.4.2.1002/avr8-gnu-toolchain/bin/../lib/gcc/avr/4.7.2/../../../../avr/lib/avrxmega7\libm.a(fixsfsi.o)
                0x00006c30                __fixsfsi
 .text.avr-libc.fplib
                0x00006c3a       0x58 c:/program files (x86)/atmel/atmel toolchain/avr8 gcc/native/3.4.2.1002/avr8-gnu-toolchain/bin/../lib/gcc/avr/4.7.2/../../../../avr/lib/avrxmega7\libm.a(fixunssfsi.o)
                0x00006c3a                __fixunssfsi
 .text.avr-libc.fplib
                0x00006c92       0x7a c:/program files (x86)/atmel/atmel toolchain/avr8 gcc/native/3.4.2.1002/avr8-gnu-toolchain/bin/../lib/gcc/avr/4.7.2/../../../../avr/lib/avrxmega7\libm.a(floatsisf.o)
                0x00006c92                __floatunsisf
                0x00006c96                __floatsisf
 .text.avr-libc.fplib
                0x00006d0c       0x48 c:/program files (x86)/atmel/atmel toolchain/avr8 gcc/native/3.4.2.1002/avr8-gnu-toolchain/bin/../lib/gcc/avr/4.7.2/../../../../avr/lib/avrxmega7\libm.a(fp_cmp.o)
                0x00006d0c                __fp_cmp
 .text.avr-libc.fplib
                0x00006d54        0xc c:/program files (x86)/atmel/atmel toolchain/avr8 gcc/native/3.4.2.1002/avr8-gnu-toolchain/bin/../lib/gcc/avr/4.7.2/../../../../avr/lib/avrxmega7\libm.a(fp_inf.o)
                0x00006d54                __fp_inf
 .text.avr-libc.fplib
                0x00006d60        0x6 c:/program files (x86)/atmel/atmel toolchain/avr8 gcc/native/3.4.2.1002/avr8-gnu-toolchain/bin/../lib/gcc/avr/4.7.2/../../../../avr/lib/avrxmega7\libm.a(fp_nan.o)
                0x00006d60                __fp_nan
 .text.avr-libc.fplib
                0x00006d66       0x4a c:/program files (x86)/atmel/atmel toolchain/avr8 gcc/native/3.4.2.1002/avr8-gnu-toolchain/bin/../lib/gcc/avr/4.7.2/../../../../avr/lib/avrxmega7\libm.a(fp_powser.o)
                0x00006d66                __fp_powser
 .text.avr-libc.fplib
                0x00006db0        0xe c:/program files (x86)/atmel/atmel toolchain/avr8 gcc/native/3.4.2.1002/avr8-gnu-toolchain/bin/../lib/gcc/avr/4.7.2/../../../../avr/lib/avrxmega7\libm.a(fp_pscA.o)
                0x00006db0                __fp_pscA
 .text.avr-libc.fplib
                0x00006dbe        0xe c:/program files (x86)/atmel/atmel toolchain/avr8 gcc/native/3.4.2.1002/avr8-gnu-toolchain/bin/../lib/gcc/avr/4.7.2/../../../../avr/lib/avrxmega7\libm.a(fp_pscB.o)
                0x00006dbe                __fp_pscB
 .text.avr-libc.fplib
                0x00006dcc       0x50 c:/program files (x86)/atmel/atmel toolchain/avr8 gcc/native/3.4.2.1002/avr8-gnu-toolchain/bin/../lib/gcc/avr/4.7.2/../../../../avr/lib/avrxmega7\libm.a(fp_rempio2.o)
                0x00006dce                __fp_rempio2
 .text.avr-libc.fplib
                0x00006e1c       0x22 c:/program files (x86)/atmel/atmel toolchain/avr8 gcc/native/3.4.2.1002/avr8-gnu-toolchain/bin/../lib/gcc/avr/4.7.2/../../../../avr/lib/avrxmega7\libm.a(fp_round.o)
                0x00006e1c                __fp_round
 .text.avr-libc.fplib
                0x00006e3e       0x22 c:/program files (x86)/atmel/atmel toolchain/avr8 gcc/native/3.4.2.1002/avr8-gnu-toolchain/bin/../lib/gcc/avr/4.7.2/../../../../avr/lib/avrxmega7\libm.a(fp_sinus.o)
                0x00006e3e                __fp_sinus
 .text.avr-libc.fplib
                0x00006e60       0x44 c:/program files (x86)/atmel/atmel toolchain/avr8 gcc/native/3.4.2.1002/avr8-gnu-toolchain/bin/../lib/gcc/avr/4.7.2/../../../../avr/lib/avrxmega7\libm.a(fp_split3.o)
                0x00006e60                __fp_split3
                0x00006e70                __fp_splitA
 .text.avr-libc.fplib
                0x00006ea4        0xe c:/program files (x86)/atmel/atmel toolchain/avr8 gcc/native/3.4.2.1002/avr8-gnu-toolchain/bin/../lib/gcc/avr/4.7.2/../../../../avr/lib/avrxmega7\libm.a(fp_zero.o)
                0x00006ea4                __fp_zero
                0x00006ea6                __fp_szero
 .text.avr-libc.fplib
                0x00006eb2        0x8 c:/program files (x86)/atmel/atmel toolchain/avr8 gcc/native/3.4.2.1002/avr8-gnu-toolchain/bin/../lib/gcc/avr/4.7.2/../../../../avr/lib/avrxmega7\libm.a(gesf2.o)
                0x00006eb2                __gesf2
                0x00006eb2                __gtsf2
 .text.avr-libc.fplib
                0x00006eba        0xe c:/program files (x86)/atmel/atmel toolchain/avr8 gcc/native/3.4.2.1002/avr8-gnu-toolchain/bin/../lib/gcc/avr/4.7.2/../../../../avr/lib/avrxmega7\libm.a(inverse.o)
                0x00006eba                inverse
 .text.avr-libc.fplib
                0x00006ec8        0x4 c:/program files (x86)/atmel/atmel toolchain/avr8 gcc/native/3.4.2.1002/avr8-gnu-toolchain/bin/../lib/gcc/avr/4.7.2/../../../../avr/lib/avrxmega7\libm.a(mulsf3.o)
                0x00006ec8                __mulsf3
 .text.avr-libc.fplib
                0x00006ecc       0xc2 c:/program files (x86)/atmel/atmel toolchain/avr8 gcc/native/3.4.2.1002/avr8-gnu-toolchain/bin/../lib/gcc/avr/4.7.2/../../../../avr/lib/avrxmega7\libm.a(mulsf3x.o)
                0x00006ee0                __mulsf3x
                0x00006ee4                __mulsf3_pse
 .text.avr-libc.fplib
                0x00006f8e        0xc c:/program files (x86)/atmel/atmel toolchain/avr8 gcc/native/3.4.2.1002/avr8-gnu-toolchain/bin/../lib/gcc/avr/4.7.2/../../../../avr/lib/avrxmega7\libm.a(sin.o)
                0x00006f8e                sin
 .text.avr-libc.fplib
                0x00006f9a       0x84 c:/program files (x86)/atmel/atmel toolchain/avr8 gcc/native/3.4.2.1002/avr8-gnu-toolchain/bin/../lib/gcc/avr/4.7.2/../../../../avr/lib/avrxmega7\libm.a(sqrt.o)
                0x00006fa2                sqrt
 .text.avr-libc.fplib
                0x0000701e        0x6 c:/program files (x86)/atmel/atmel toolchain/avr8 gcc/native/3.4.2.1002/avr8-gnu-toolchain/bin/../lib/gcc/avr/4.7.2/../../../../avr/lib/avrxmega7\libm.a(square.o)
                0x0000701e                square
 .text.avr-libc.fplib
                0x00007024       0x1c c:/program files (x86)/atmel/atmel toolchain/avr8 gcc/native/3.4.2.1002/avr8-gnu-toolchain/bin/../lib/gcc/avr/4.7.2/../../../../avr/lib/avrxmega7\libm.a(fp_mpack.o)
                0x00007024                __fp_mpack
                0x00007028                __fp_mpack_finite
 .text.avr-libc.fplib
                0x00007040        0xe c:/program files (x86)/atmel/atmel toolchain/avr8 gcc/native/3.4.2.1002/avr8-gnu-toolchain/bin/../lib/gcc/avr/4.7.2/../../../../avr/lib/avrxmega7\libm.a(fp_norm2.o)
                0x00007040                __fp_norm2
 .text.avr-libc.fplib
                0x0000704e       0x22 c:/program files (x86)/atmel/atmel toolchain/avr8 gcc/native/3.4.2.1002/avr8-gnu-toolchain/bin/../lib/gcc/avr/4.7.2/../../../../avr/lib/avrxmega7\libm.a(fp_powsodd.o)
                0x0000704e                __fp_powsodd
 .text.libgcc.mul
                0x00007070       0x1e c:/program files (x86)/atmel/atmel toolchain/avr8 gcc/native/3.4.2.1002/avr8-gnu-toolchain/bin/../lib/gcc/avr/4.7.2/avrxmega7\libgcc.a(_mulsi3.o)
                0x00007070                __mulsi3
 .text.libgcc.div
                0x0000708e       0x26 c:/program files (x86)/atmel/atmel toolchain/avr8 gcc/native/3.4.2.1002/avr8-gnu-toolchain/bin/../lib/gcc/avr/4.7.2/avrxmega7\libgcc.a(_divmodhi4.o)
                0x0000708e                _div
                0x0000708e                __divmodhi4
 .text.libgcc.div
                0x000070b4       0x44 c:/program files (x86)/atmel/atmel toolchain/avr8 gcc/native/3.4.2.1002/avr8-gnu-toolchain/bin/../lib/gcc/avr/4.7.2/avrxmega7\libgcc.a(_udivmodsi4.o)
                0x000070b4                __udivmodsi4
 .text.libgcc.div
                0x000070f8       0x36 c:/program files (x86)/atmel/atmel toolchain/avr8 gcc/native/3.4.2.1002/avr8-gnu-toolchain/bin/../lib/gcc/avr/4.7.2/avrxmega7\libgcc.a(_divmodsi4.o)
                0x000070f8                __divmodsi4
 .text.libgcc.mul
                0x0000712e       0x14 c:/program files (x86)/atmel/atmel toolchain/avr8 gcc/native/3.4.2.1002/avr8-gnu-toolchain/bin/../lib/gcc/avr/4.7.2/avrxmega7\libgcc.a(_muluhisi3.o)
                0x0000712e                __muluhisi3
 .text.libgcc.mul
                0x00007142        0xc c:/program files (x86)/atmel/atmel toolchain/avr8 gcc/native/3.4.2.1002/avr8-gnu-toolchain/bin/../lib/gcc/avr/4.7.2/avrxmega7\libgcc.a(_mulshisi3.o)
                0x00007142                __mulshisi3
                0x00007146                __mulohisi3
 .text.libgcc.div
                0x0000714e       0x28 c:/program files (x86)/atmel/atmel toolchain/avr8 gcc/native/3.4.2.1002/avr8-gnu-toolchain/bin/../lib/gcc/avr/4.7.2/avrxmega7\libgcc.a(_udivmodhi4.o)
                0x0000714e                __udivmodhi4
 .text.libgcc.mul
                0x00007176       0x18 c:/program files (x86)/atmel/atmel toolchain/avr8 gcc/native/3.4.2.1002/avr8-gnu-toolchain/bin/../lib/gcc/avr/4.7.2/avrxmega7\libgcc.a(_umulhisi3.o)
                0x00007176                __umulhisi3
                0x0000718e                . = ALIGN (0x2)
 *(.fini9)
 .fini9         0x0000718e        0x0 c:/program files (x86)/atmel/atmel toolchain/avr8 gcc/native/3.4.2.1002/avr8-gnu-toolchain/bin/../lib/gcc/avr/4.7.2/avrxmega7\libgcc.a(_exit.o)
                0x0000718e                _exit
                0x0000718e                exit
 *(.fini9)
 *(.fini8)
 *(.fini8)
 *(.fini7)
 *(.fini7)
 *(.fini6)
 *(.fini6)
 *(.fini5)
 *(.fini5)
 *(.fini4)
 *(.fini4)
 *(.fini3)
 *(.fini3)
 *(.fini2)
 *(.fini2)
 *(.fini1)
 *(.fini1)
 *(.fini0)
 .fini0         0x0000718e        0x4 c:/program files (x86)/atmel/atmel toolchain/avr8 gcc/native/3.4.2.1002/avr8-gnu-toolchain/bin/../lib/gcc/avr/4.7.2/avrxmega7\libgcc.a(_exit.o)
 *(.fini0)
                0x00007192                _etext = .

.data           0x00802000        0x8 load address 0x00007192
                0x00802000                PROVIDE (__data_start, .)
 *(.data)
 .data          0x00802000        0x0 c:/program files (x86)/atmel/atmel toolchain/avr8 gcc/native/3.4.2.1002/avr8-gnu-toolchain/bin/../lib/gcc/avr/4.7.2/../../../../avr/lib/avrxmega7/crtx128a1.o
 .data          0x00802000        0x0 adc_driver.o
 .data          0x00802000        0x0 hardware.o
 .data          0x00802000        0x0 interrupt.o
 .data          0x00802000        0x0 mechanism.o
 .data          0x00802000        0x0 port_driver.o
 .data          0x00802000        0x0 TC_driver.o
 .data          0x00802000        0x0 testiranje.o
 .data          0x00802000        0x0 usart_driver.o
 .data          0x00802000        0x0 X-Drive_Odometry.o
 .data          0x00802000        0x0 c:/program files (x86)/atmel/atmel toolchain/avr8 gcc/native/3.4.2.1002/avr8-gnu-toolchain/bin/../lib/gcc/avr/4.7.2/../../../../avr/lib/avrxmega7\libm.a(addsf3.o)
 .data          0x00802000        0x0 c:/program files (x86)/atmel/atmel toolchain/avr8 gcc/native/3.4.2.1002/avr8-gnu-toolchain/bin/../lib/gcc/avr/4.7.2/../../../../avr/lib/avrxmega7\libm.a(addsf3x.o)
 .data          0x00802000        0x0 c:/program files (x86)/atmel/atmel toolchain/avr8 gcc/native/3.4.2.1002/avr8-gnu-toolchain/bin/../lib/gcc/avr/4.7.2/../../../../avr/lib/avrxmega7\libm.a(atan2.o)
 .data          0x00802000        0x0 c:/program files (x86)/atmel/atmel toolchain/avr8 gcc/native/3.4.2.1002/avr8-gnu-toolchain/bin/../lib/gcc/avr/4.7.2/../../../../avr/lib/avrxmega7\libm.a(atan.o)
 .data          0x00802000        0x0 c:/program files (x86)/atmel/atmel toolchain/avr8 gcc/native/3.4.2.1002/avr8-gnu-toolchain/bin/../lib/gcc/avr/4.7.2/../../../../avr/lib/avrxmega7\libm.a(cmpsf2.o)
 .data          0x00802000        0x0 c:/program files (x86)/atmel/atmel toolchain/avr8 gcc/native/3.4.2.1002/avr8-gnu-toolchain/bin/../lib/gcc/avr/4.7.2/../../../../avr/lib/avrxmega7\libm.a(cos.o)
 .data          0x00802000        0x0 c:/program files (x86)/atmel/atmel toolchain/avr8 gcc/native/3.4.2.1002/avr8-gnu-toolchain/bin/../lib/gcc/avr/4.7.2/../../../../avr/lib/avrxmega7\libm.a(divsf3.o)
 .data          0x00802000        0x0 c:/program files (x86)/atmel/atmel toolchain/avr8 gcc/native/3.4.2.1002/avr8-gnu-toolchain/bin/../lib/gcc/avr/4.7.2/../../../../avr/lib/avrxmega7\libm.a(divsf3x.o)
 .data          0x00802000        0x0 c:/program files (x86)/atmel/atmel toolchain/avr8 gcc/native/3.4.2.1002/avr8-gnu-toolchain/bin/../lib/gcc/avr/4.7.2/../../../../avr/lib/avrxmega7\libm.a(fixsfsi.o)
 .data          0x00802000        0x0 c:/program files (x86)/atmel/atmel toolchain/avr8 gcc/native/3.4.2.1002/avr8-gnu-toolchain/bin/../lib/gcc/avr/4.7.2/../../../../avr/lib/avrxmega7\libm.a(fixunssfsi.o)
 .data          0x00802000        0x0 c:/program files (x86)/atmel/atmel toolchain/avr8 gcc/native/3.4.2.1002/avr8-gnu-toolchain/bin/../lib/gcc/avr/4.7.2/../../../../avr/lib/avrxmega7\libm.a(floatsisf.o)
 .data          0x00802000        0x0 c:/program files (x86)/atmel/atmel toolchain/avr8 gcc/native/3.4.2.1002/avr8-gnu-toolchain/bin/../lib/gcc/avr/4.7.2/../../../../avr/lib/avrxmega7\libm.a(fp_cmp.o)
 .data          0x00802000        0x0 c:/program files (x86)/atmel/atmel toolchain/avr8 gcc/native/3.4.2.1002/avr8-gnu-toolchain/bin/../lib/gcc/avr/4.7.2/../../../../avr/lib/avrxmega7\libm.a(fp_inf.o)
 .data          0x00802000        0x0 c:/program files (x86)/atmel/atmel toolchain/avr8 gcc/native/3.4.2.1002/avr8-gnu-toolchain/bin/../lib/gcc/avr/4.7.2/../../../../avr/lib/avrxmega7\libm.a(fp_nan.o)
 .data          0x00802000        0x0 c:/program files (x86)/atmel/atmel toolchain/avr8 gcc/native/3.4.2.1002/avr8-gnu-toolchain/bin/../lib/gcc/avr/4.7.2/../../../../avr/lib/avrxmega7\libm.a(fp_powser.o)
 .data          0x00802000        0x0 c:/program files (x86)/atmel/atmel toolchain/avr8 gcc/native/3.4.2.1002/avr8-gnu-toolchain/bin/../lib/gcc/avr/4.7.2/../../../../avr/lib/avrxmega7\libm.a(fp_pscA.o)
 .data          0x00802000        0x0 c:/program files (x86)/atmel/atmel toolchain/avr8 gcc/native/3.4.2.1002/avr8-gnu-toolchain/bin/../lib/gcc/avr/4.7.2/../../../../avr/lib/avrxmega7\libm.a(fp_pscB.o)
 .data          0x00802000        0x0 c:/program files (x86)/atmel/atmel toolchain/avr8 gcc/native/3.4.2.1002/avr8-gnu-toolchain/bin/../lib/gcc/avr/4.7.2/../../../../avr/lib/avrxmega7\libm.a(fp_rempio2.o)
 .data          0x00802000        0x0 c:/program files (x86)/atmel/atmel toolchain/avr8 gcc/native/3.4.2.1002/avr8-gnu-toolchain/bin/../lib/gcc/avr/4.7.2/../../../../avr/lib/avrxmega7\libm.a(fp_round.o)
 .data          0x00802000        0x0 c:/program files (x86)/atmel/atmel toolchain/avr8 gcc/native/3.4.2.1002/avr8-gnu-toolchain/bin/../lib/gcc/avr/4.7.2/../../../../avr/lib/avrxmega7\libm.a(fp_sinus.o)
 .data          0x00802000        0x0 c:/program files (x86)/atmel/atmel toolchain/avr8 gcc/native/3.4.2.1002/avr8-gnu-toolchain/bin/../lib/gcc/avr/4.7.2/../../../../avr/lib/avrxmega7\libm.a(fp_split3.o)
 .data          0x00802000        0x0 c:/program files (x86)/atmel/atmel toolchain/avr8 gcc/native/3.4.2.1002/avr8-gnu-toolchain/bin/../lib/gcc/avr/4.7.2/../../../../avr/lib/avrxmega7\libm.a(fp_zero.o)
 .data          0x00802000        0x0 c:/program files (x86)/atmel/atmel toolchain/avr8 gcc/native/3.4.2.1002/avr8-gnu-toolchain/bin/../lib/gcc/avr/4.7.2/../../../../avr/lib/avrxmega7\libm.a(gesf2.o)
 .data          0x00802000        0x0 c:/program files (x86)/atmel/atmel toolchain/avr8 gcc/native/3.4.2.1002/avr8-gnu-toolchain/bin/../lib/gcc/avr/4.7.2/../../../../avr/lib/avrxmega7\libm.a(inverse.o)
 .data          0x00802000        0x0 c:/program files (x86)/atmel/atmel toolchain/avr8 gcc/native/3.4.2.1002/avr8-gnu-toolchain/bin/../lib/gcc/avr/4.7.2/../../../../avr/lib/avrxmega7\libm.a(mulsf3.o)
 .data          0x00802000        0x0 c:/program files (x86)/atmel/atmel toolchain/avr8 gcc/native/3.4.2.1002/avr8-gnu-toolchain/bin/../lib/gcc/avr/4.7.2/../../../../avr/lib/avrxmega7\libm.a(mulsf3x.o)
 .data          0x00802000        0x0 c:/program files (x86)/atmel/atmel toolchain/avr8 gcc/native/3.4.2.1002/avr8-gnu-toolchain/bin/../lib/gcc/avr/4.7.2/../../../../avr/lib/avrxmega7\libm.a(sin.o)
 .data          0x00802000        0x0 c:/program files (x86)/atmel/atmel toolchain/avr8 gcc/native/3.4.2.1002/avr8-gnu-toolchain/bin/../lib/gcc/avr/4.7.2/../../../../avr/lib/avrxmega7\libm.a(sqrt.o)
 .data          0x00802000        0x0 c:/program files (x86)/atmel/atmel toolchain/avr8 gcc/native/3.4.2.1002/avr8-gnu-toolchain/bin/../lib/gcc/avr/4.7.2/../../../../avr/lib/avrxmega7\libm.a(square.o)
 .data          0x00802000        0x0 c:/program files (x86)/atmel/atmel toolchain/avr8 gcc/native/3.4.2.1002/avr8-gnu-toolchain/bin/../lib/gcc/avr/4.7.2/../../../../avr/lib/avrxmega7\libm.a(fp_mpack.o)
 .data          0x00802000        0x0 c:/program files (x86)/atmel/atmel toolchain/avr8 gcc/native/3.4.2.1002/avr8-gnu-toolchain/bin/../lib/gcc/avr/4.7.2/../../../../avr/lib/avrxmega7\libm.a(fp_norm2.o)
 .data          0x00802000        0x0 c:/program files (x86)/atmel/atmel toolchain/avr8 gcc/native/3.4.2.1002/avr8-gnu-toolchain/bin/../lib/gcc/avr/4.7.2/../../../../avr/lib/avrxmega7\libm.a(fp_powsodd.o)
 .data          0x00802000        0x0 c:/program files (x86)/atmel/atmel toolchain/avr8 gcc/native/3.4.2.1002/avr8-gnu-toolchain/bin/../lib/gcc/avr/4.7.2/avrxmega7\libgcc.a(_mulsi3.o)
 .data          0x00802000        0x0 c:/program files (x86)/atmel/atmel toolchain/avr8 gcc/native/3.4.2.1002/avr8-gnu-toolchain/bin/../lib/gcc/avr/4.7.2/avrxmega7\libgcc.a(_divmodhi4.o)
 .data          0x00802000        0x0 c:/program files (x86)/atmel/atmel toolchain/avr8 gcc/native/3.4.2.1002/avr8-gnu-toolchain/bin/../lib/gcc/avr/4.7.2/avrxmega7\libgcc.a(_udivmodsi4.o)
 .data          0x00802000        0x0 c:/program files (x86)/atmel/atmel toolchain/avr8 gcc/native/3.4.2.1002/avr8-gnu-toolchain/bin/../lib/gcc/avr/4.7.2/avrxmega7\libgcc.a(_divmodsi4.o)
 .data          0x00802000        0x0 c:/program files (x86)/atmel/atmel toolchain/avr8 gcc/native/3.4.2.1002/avr8-gnu-toolchain/bin/../lib/gcc/avr/4.7.2/avrxmega7\libgcc.a(_exit.o)
 .data          0x00802000        0x0 c:/program files (x86)/atmel/atmel toolchain/avr8 gcc/native/3.4.2.1002/avr8-gnu-toolchain/bin/../lib/gcc/avr/4.7.2/avrxmega7\libgcc.a(_copy_data.o)
 .data          0x00802000        0x0 c:/program files (x86)/atmel/atmel toolchain/avr8 gcc/native/3.4.2.1002/avr8-gnu-toolchain/bin/../lib/gcc/avr/4.7.2/avrxmega7\libgcc.a(_clear_bss.o)
 .data          0x00802000        0x0 c:/program files (x86)/atmel/atmel toolchain/avr8 gcc/native/3.4.2.1002/avr8-gnu-toolchain/bin/../lib/gcc/avr/4.7.2/avrxmega7\libgcc.a(_muluhisi3.o)
 .data          0x00802000        0x0 c:/program files (x86)/atmel/atmel toolchain/avr8 gcc/native/3.4.2.1002/avr8-gnu-toolchain/bin/../lib/gcc/avr/4.7.2/avrxmega7\libgcc.a(_mulshisi3.o)
 .data          0x00802000        0x0 c:/program files (x86)/atmel/atmel toolchain/avr8 gcc/native/3.4.2.1002/avr8-gnu-toolchain/bin/../lib/gcc/avr/4.7.2/avrxmega7\libgcc.a(_udivmodhi4.o)
 .data          0x00802000        0x0 c:/program files (x86)/atmel/atmel toolchain/avr8 gcc/native/3.4.2.1002/avr8-gnu-toolchain/bin/../lib/gcc/avr/4.7.2/avrxmega7\libgcc.a(_umulhisi3.o)
 *(.data*)
 .data.teta_cilj_final
                0x00802000        0x4 mechanism.o
                0x00802000                teta_cilj_final
 .data.Pracenje_Pravca_sample_counter
                0x00802004        0x1 mechanism.o
                0x00802004                Pracenje_Pravca_sample_counter
 .data.PID_pozicioni_sample_counter
                0x00802005        0x1 mechanism.o
                0x00802005                PID_pozicioni_sample_counter
 .data.stigao_flag
                0x00802006        0x1 mechanism.o
                0x00802006                stigao_flag
 *(.rodata)
 *(.rodata*)
 *(.gnu.linkonce.d*)
                0x00802008                . = ALIGN (0x2)
 *fill*         0x00802007        0x1 
                0x00802008                _edata = .
                0x00802008                PROVIDE (__data_end, .)

.bss            0x00802008     0x1285
                0x00802008                PROVIDE (__bss_start, .)
 *(.bss)
 *(.bss*)
 .bss.Rac_tren_poz_sample_counter
                0x00802008        0x1 mechanism.o
                0x00802008                Rac_tren_poz_sample_counter
 .bss.step1     0x00802009        0x1 testiranje.o
 .bss.flag1     0x0080200a        0x1 testiranje.o
 *(COMMON)
 COMMON         0x0080200b      0x495 hardware.o
                0x0080200b                USART_E1_data
                0x00802192                USART_C0_data
                0x00802319                USART_E0_data
 COMMON         0x008024a0      0xded mechanism.o
                0x008024a0                sample_L16
                0x008024a2                Kd_teta
                0x008024a6                PID_brzina_pret_L
                0x008024a8                Ki_teta
                0x008024ac                sysvrem
                0x008024ae                X_cilj
                0x008024b2                modifikovana_zeljena_pravolinijska_brzina
                0x008024b4                translacija
                0x008024b8                Ki_brzina
                0x008024bc                adresa_niz_2
                0x008024c0                sample_R16
                0x008024c2                Ie_brzina_R
                0x008024c4                sys_time
                0x008024c6                niz_counter_niz_3
                0x008024c7                struja_L
                0x008024c8                krug45
                0x008024cc                teta_cilj
                0x008024d0                Accel_PID_pos
                0x008024d2                velicina_niz_3
                0x008024d3                metar
                0x008024d7                niz_3
                0x008028bf                Kd_pravolinijski
                0x008028c3                broj10000
                0x008028c5                rel_distanca
                0x008028c9                De_brzina_R
                0x008028cb                PID_pozicija_pret
                0x008028cf                krug180
                0x008028d3                Kp_brzina
                0x008028d7                broj1000
                0x008028d9                PID_ukupni_L
                0x008028dd                sendArray
                0x0080295d                RX_i_E1
                0x0080295e                smer_zadati
                0x0080295f                sample_counter_niz_3
                0x00802960                vrednost_prom
                0x00802964                vreme_cekanja_tete
                0x00802966                adresa_long
                0x0080296a                Kp_pravolinijski
                0x0080296e                receiveArray
                0x008029ee                last_count_R
                0x008029f2                translacija_10ms
                0x008029f4                stop_PID_desni
                0x008029f5                struja_R
                0x008029f6                motor_count_R
                0x008029f8                fsm_timer
                0x008029fa                adresa_niz_1
                0x008029fe                PID_pozicija
                0x00802a02                Y_pos
                0x00802a06                niz_1
                0x00802dee                teta_greska_prethodno
                0x00802df2                stop_PID_levi
                0x00802df3                dif_error_pravolinijski
                0x00802df7                PASIVNI_QDEC_OWF_R
                0x00802df8                MOTOR_QDEC_OWF_L
                0x00802df9                sample_counter_niz_2
                0x00802dfa                niz_counter_niz_2
                0x00802dfb                proveri_vreme_primanja
                0x00802dfc                Kp_teta_pravolinijski
                0x00802e00                scale_factor_for_mm
                0x00802e02                pozicija_greska_sum
                0x00802e06                Pe_brzina_R
                0x00802e08                broj
                0x00802e0a                CHC
                0x00802e0b                Y_cilj
                0x00802e0f                max_brzina_motora
                0x00802e11                sample_time_niz_3
                0x00802e12                rastojanje_cilj_temp
                0x00802e16                rel_ugao
                0x00802e1a                Pasivni_desni_CNT
                0x00802e1e                count_R
                0x00802e22                PASIVNI_QDEC_OWF_L
                0x00802e23                X_pos
                0x00802e27                teta_greska_sum
                0x00802e2b                PID_brzina_pret_R
                0x00802e2d                last_count_L
                0x00802e2f                rezervni_ugao
                0x00802e31                X_cilj_stari
                0x00802e35                timeout
                0x00802e37                broj100
                0x00802e39                motor_count_L
                0x00802e3b                dif_error_ugao
                0x00802e3f                RX_i_C0
                0x00802e40                adresa_niz_3
                0x00802e44                broj1
                0x00802e46                pozicija_pret_greska
                0x00802e4a                motor_sample_L16
                0x00802e4c                pozicija_greska
                0x00802e50                Kd_brzina
                0x00802e54                PID_teta
                0x00802e58                sample_counter_niz_1
                0x00802e59                niz_counter_niz_1
                0x00802e5a                offset
                0x00802e5b                RX_i_E0
                0x00802e5c                vreme_pozicioniranja
                0x00802e5e                PWM_perioda
                0x00802e60                velicina_niz_2
                0x00802e61                zeljena_brzina_okretanja
                0x00802e63                motor_sample_R16
                0x00802e65                Kp_teta_okretanje
                0x00802e69                rastojanje_cilj
                0x00802e6d                MOTOR_QDEC_OWF_R
                0x00802e6e                De_brzina_L
                0x00802e70                Y_cilj_stari
                0x00802e74                teta_greska
                0x00802e78                smer_trenutni
                0x00802e79                PID_brzina_R
                0x00802e7b                PID_brzina_L
                0x00802e7d                sample_time_niz_2
                0x00802e7e                krug90
                0x00802e82                Pe_brzina_L
                0x00802e84                PID_ukupni_R
                0x00802e88                Ie_brzina_L
                0x00802e8a                niz_2
                0x00803272                sample_time_niz_1
                0x00803273                broj10
                0x00803275                krug360
                0x00803279                Ki_pravolinijski
                0x0080327d                count_L
                0x0080327f                zeljena_pravolinijska_brzina
                0x00803281                set_direct_out
                0x00803282                velicina_niz_1
                0x00803283                teta
                0x00803287                rotacija_10ms
                0x00803289                Kp_teta
                0x0080328d                PROVIDE (__bss_end, .)
                0x00007192                __data_load_start = LOADADDR (.data)
                0x0000719a                __data_load_end = (__data_load_start + SIZEOF (.data))

.noinit         0x0080328d        0x0
                0x0080328d                PROVIDE (__noinit_start, .)
 *(.noinit*)
                0x0080328d                PROVIDE (__noinit_end, .)
                0x0080328d                _end = .
                0x0080328d                PROVIDE (__heap_start, .)

.eeprom         0x00810000        0x0
 *(.eeprom*)
                0x00810000                __eeprom_end = .

.fuse
 *(.fuse)
 *(.lfuse)
 *(.hfuse)
 *(.efuse)

.lock
 *(.lock*)

.signature
 *(.signature*)

.user_signatures
 *(.user_signatures*)

.stab           0x00000000     0x35f4
 *(.stab)
 .stab          0x00000000      0x714 c:/program files (x86)/atmel/atmel toolchain/avr8 gcc/native/3.4.2.1002/avr8-gnu-toolchain/bin/../lib/gcc/avr/4.7.2/../../../../avr/lib/avrxmega7/crtx128a1.o
 .stab          0x00000714       0x78 c:/program files (x86)/atmel/atmel toolchain/avr8 gcc/native/3.4.2.1002/avr8-gnu-toolchain/bin/../lib/gcc/avr/4.7.2/../../../../avr/lib/avrxmega7\libm.a(addsf3.o)
                                 0x84 (size before relaxing)
 .stab          0x0000078c      0x4bc c:/program files (x86)/atmel/atmel toolchain/avr8 gcc/native/3.4.2.1002/avr8-gnu-toolchain/bin/../lib/gcc/avr/4.7.2/../../../../avr/lib/avrxmega7\libm.a(addsf3x.o)
                                0x4c8 (size before relaxing)
 .stab          0x00000c48      0x2f4 c:/program files (x86)/atmel/atmel toolchain/avr8 gcc/native/3.4.2.1002/avr8-gnu-toolchain/bin/../lib/gcc/avr/4.7.2/../../../../avr/lib/avrxmega7\libm.a(atan2.o)
                                0x300 (size before relaxing)
 .stab          0x00000f3c      0x210 c:/program files (x86)/atmel/atmel toolchain/avr8 gcc/native/3.4.2.1002/avr8-gnu-toolchain/bin/../lib/gcc/avr/4.7.2/../../../../avr/lib/avrxmega7\libm.a(atan.o)
                                0x21c (size before relaxing)
 .stab          0x0000114c       0x90 c:/program files (x86)/atmel/atmel toolchain/avr8 gcc/native/3.4.2.1002/avr8-gnu-toolchain/bin/../lib/gcc/avr/4.7.2/../../../../avr/lib/avrxmega7\libm.a(cmpsf2.o)
                                 0x9c (size before relaxing)
 .stab          0x000011dc       0x54 c:/program files (x86)/atmel/atmel toolchain/avr8 gcc/native/3.4.2.1002/avr8-gnu-toolchain/bin/../lib/gcc/avr/4.7.2/../../../../avr/lib/avrxmega7\libm.a(cos.o)
                                 0x60 (size before relaxing)
 .stab          0x00001230       0x48 c:/program files (x86)/atmel/atmel toolchain/avr8 gcc/native/3.4.2.1002/avr8-gnu-toolchain/bin/../lib/gcc/avr/4.7.2/../../../../avr/lib/avrxmega7\libm.a(divsf3.o)
                                 0x54 (size before relaxing)
 .stab          0x00001278      0x510 c:/program files (x86)/atmel/atmel toolchain/avr8 gcc/native/3.4.2.1002/avr8-gnu-toolchain/bin/../lib/gcc/avr/4.7.2/../../../../avr/lib/avrxmega7\libm.a(divsf3x.o)
                                0x51c (size before relaxing)
 .stab          0x00001788       0x6c c:/program files (x86)/atmel/atmel toolchain/avr8 gcc/native/3.4.2.1002/avr8-gnu-toolchain/bin/../lib/gcc/avr/4.7.2/../../../../avr/lib/avrxmega7\libm.a(fixsfsi.o)
                                 0x78 (size before relaxing)
 .stab          0x000017f4      0x240 c:/program files (x86)/atmel/atmel toolchain/avr8 gcc/native/3.4.2.1002/avr8-gnu-toolchain/bin/../lib/gcc/avr/4.7.2/../../../../avr/lib/avrxmega7\libm.a(fixunssfsi.o)
                                0x24c (size before relaxing)
 .stab          0x00001a34      0x318 c:/program files (x86)/atmel/atmel toolchain/avr8 gcc/native/3.4.2.1002/avr8-gnu-toolchain/bin/../lib/gcc/avr/4.7.2/../../../../avr/lib/avrxmega7\libm.a(floatsisf.o)
                                0x324 (size before relaxing)
 .stab          0x00001d4c      0x1e0 c:/program files (x86)/atmel/atmel toolchain/avr8 gcc/native/3.4.2.1002/avr8-gnu-toolchain/bin/../lib/gcc/avr/4.7.2/../../../../avr/lib/avrxmega7\libm.a(fp_cmp.o)
                                0x1ec (size before relaxing)
 .stab          0x00001f2c       0x78 c:/program files (x86)/atmel/atmel toolchain/avr8 gcc/native/3.4.2.1002/avr8-gnu-toolchain/bin/../lib/gcc/avr/4.7.2/../../../../avr/lib/avrxmega7\libm.a(fp_inf.o)
                                 0x84 (size before relaxing)
 .stab          0x00001fa4       0x54 c:/program files (x86)/atmel/atmel toolchain/avr8 gcc/native/3.4.2.1002/avr8-gnu-toolchain/bin/../lib/gcc/avr/4.7.2/../../../../avr/lib/avrxmega7\libm.a(fp_nan.o)
                                 0x60 (size before relaxing)
 .stab          0x00001ff8      0x1ec c:/program files (x86)/atmel/atmel toolchain/avr8 gcc/native/3.4.2.1002/avr8-gnu-toolchain/bin/../lib/gcc/avr/4.7.2/../../../../avr/lib/avrxmega7\libm.a(fp_powser.o)
                                0x1f8 (size before relaxing)
 .stab          0x000021e4       0x84 c:/program files (x86)/atmel/atmel toolchain/avr8 gcc/native/3.4.2.1002/avr8-gnu-toolchain/bin/../lib/gcc/avr/4.7.2/../../../../avr/lib/avrxmega7\libm.a(fp_pscA.o)
                                 0x90 (size before relaxing)
 .stab          0x00002268       0x84 c:/program files (x86)/atmel/atmel toolchain/avr8 gcc/native/3.4.2.1002/avr8-gnu-toolchain/bin/../lib/gcc/avr/4.7.2/../../../../avr/lib/avrxmega7\libm.a(fp_pscB.o)
                                 0x90 (size before relaxing)
 .stab          0x000022ec      0x21c c:/program files (x86)/atmel/atmel toolchain/avr8 gcc/native/3.4.2.1002/avr8-gnu-toolchain/bin/../lib/gcc/avr/4.7.2/../../../../avr/lib/avrxmega7\libm.a(fp_rempio2.o)
                                0x228 (size before relaxing)
 .stab          0x00002508       0xfc c:/program files (x86)/atmel/atmel toolchain/avr8 gcc/native/3.4.2.1002/avr8-gnu-toolchain/bin/../lib/gcc/avr/4.7.2/../../../../avr/lib/avrxmega7\libm.a(fp_round.o)
                                0x108 (size before relaxing)
 .stab          0x00002604       0xfc c:/program files (x86)/atmel/atmel toolchain/avr8 gcc/native/3.4.2.1002/avr8-gnu-toolchain/bin/../lib/gcc/avr/4.7.2/../../../../avr/lib/avrxmega7\libm.a(fp_sinus.o)
                                0x108 (size before relaxing)
 .stab          0x00002700      0x1d4 c:/program files (x86)/atmel/atmel toolchain/avr8 gcc/native/3.4.2.1002/avr8-gnu-toolchain/bin/../lib/gcc/avr/4.7.2/../../../../avr/lib/avrxmega7\libm.a(fp_split3.o)
                                0x1e0 (size before relaxing)
 .stab          0x000028d4       0x90 c:/program files (x86)/atmel/atmel toolchain/avr8 gcc/native/3.4.2.1002/avr8-gnu-toolchain/bin/../lib/gcc/avr/4.7.2/../../../../avr/lib/avrxmega7\libm.a(fp_zero.o)
                                 0x9c (size before relaxing)
 .stab          0x00002964       0x6c c:/program files (x86)/atmel/atmel toolchain/avr8 gcc/native/3.4.2.1002/avr8-gnu-toolchain/bin/../lib/gcc/avr/4.7.2/../../../../avr/lib/avrxmega7\libm.a(gesf2.o)
                                 0x78 (size before relaxing)
 .stab          0x000029d0       0x84 c:/program files (x86)/atmel/atmel toolchain/avr8 gcc/native/3.4.2.1002/avr8-gnu-toolchain/bin/../lib/gcc/avr/4.7.2/../../../../avr/lib/avrxmega7\libm.a(inverse.o)
                                 0x90 (size before relaxing)
 .stab          0x00002a54       0x48 c:/program files (x86)/atmel/atmel toolchain/avr8 gcc/native/3.4.2.1002/avr8-gnu-toolchain/bin/../lib/gcc/avr/4.7.2/../../../../avr/lib/avrxmega7\libm.a(mulsf3.o)
                                 0x54 (size before relaxing)
 .stab          0x00002a9c      0x4d4 c:/program files (x86)/atmel/atmel toolchain/avr8 gcc/native/3.4.2.1002/avr8-gnu-toolchain/bin/../lib/gcc/avr/4.7.2/../../../../avr/lib/avrxmega7\libm.a(mulsf3x.o)
                                0x4e0 (size before relaxing)
 .stab          0x00002f70       0x78 c:/program files (x86)/atmel/atmel toolchain/avr8 gcc/native/3.4.2.1002/avr8-gnu-toolchain/bin/../lib/gcc/avr/4.7.2/../../../../avr/lib/avrxmega7\libm.a(sin.o)
                                 0x84 (size before relaxing)
 .stab          0x00002fe8      0x354 c:/program files (x86)/atmel/atmel toolchain/avr8 gcc/native/3.4.2.1002/avr8-gnu-toolchain/bin/../lib/gcc/avr/4.7.2/../../../../avr/lib/avrxmega7\libm.a(sqrt.o)
                                0x360 (size before relaxing)
 .stab          0x0000333c       0x54 c:/program files (x86)/atmel/atmel toolchain/avr8 gcc/native/3.4.2.1002/avr8-gnu-toolchain/bin/../lib/gcc/avr/4.7.2/../../../../avr/lib/avrxmega7\libm.a(square.o)
                                 0x60 (size before relaxing)
 .stab          0x00003390       0xe4 c:/program files (x86)/atmel/atmel toolchain/avr8 gcc/native/3.4.2.1002/avr8-gnu-toolchain/bin/../lib/gcc/avr/4.7.2/../../../../avr/lib/avrxmega7\libm.a(fp_mpack.o)
                                 0xf0 (size before relaxing)
 .stab          0x00003474       0x84 c:/program files (x86)/atmel/atmel toolchain/avr8 gcc/native/3.4.2.1002/avr8-gnu-toolchain/bin/../lib/gcc/avr/4.7.2/../../../../avr/lib/avrxmega7\libm.a(fp_norm2.o)
                                 0x90 (size before relaxing)
 .stab          0x000034f8       0xfc c:/program files (x86)/atmel/atmel toolchain/avr8 gcc/native/3.4.2.1002/avr8-gnu-toolchain/bin/../lib/gcc/avr/4.7.2/../../../../avr/lib/avrxmega7\libm.a(fp_powsodd.o)
                                0x108 (size before relaxing)

.stabstr        0x00000000      0xf10
 *(.stabstr)
 .stabstr       0x00000000      0xf10 c:/program files (x86)/atmel/atmel toolchain/avr8 gcc/native/3.4.2.1002/avr8-gnu-toolchain/bin/../lib/gcc/avr/4.7.2/../../../../avr/lib/avrxmega7/crtx128a1.o

.stab.excl
 *(.stab.excl)

.stab.exclstr
 *(.stab.exclstr)

.stab.index
 *(.stab.index)

.stab.indexstr
 *(.stab.indexstr)

.comment        0x00000000       0x2f
 *(.comment)
 .comment       0x00000000       0x2f adc_driver.o
                                 0x30 (size before relaxing)
 .comment       0x00000000       0x30 hardware.o
 .comment       0x00000000       0x30 interrupt.o
 .comment       0x00000000       0x30 mechanism.o
 .comment       0x00000000       0x30 port_driver.o
 .comment       0x00000000       0x30 TC_driver.o
 .comment       0x00000000       0x30 testiranje.o
 .comment       0x00000000       0x30 usart_driver.o
 .comment       0x00000000       0x30 X-Drive_Odometry.o

.debug
 *(.debug)

.line
 *(.line)

.debug_srcinfo
 *(.debug_srcinfo)

.debug_sfnames
 *(.debug_sfnames)

.debug_aranges  0x00000000      0x3c0
 *(.debug_aranges)
 .debug_aranges
                0x00000000       0x58 adc_driver.o
 .debug_aranges
                0x00000058       0x68 hardware.o
 .debug_aranges
                0x000000c0       0x68 interrupt.o
 .debug_aranges
                0x00000128       0x48 mechanism.o
 .debug_aranges
                0x00000170       0x50 port_driver.o
 .debug_aranges
                0x000001c0       0xc8 TC_driver.o
 .debug_aranges
                0x00000288       0xb0 testiranje.o
 .debug_aranges
                0x00000338       0x68 usart_driver.o
 .debug_aranges
                0x000003a0       0x20 X-Drive_Odometry.o

.debug_pubnames
 *(.debug_pubnames)

.debug_info     0x00000000     0xa50a
 *(.debug_info)
 .debug_info    0x00000000      0x9ba adc_driver.o
 .debug_info    0x000009ba     0x1dce hardware.o
 .debug_info    0x00002788     0x2402 interrupt.o
 .debug_info    0x00004b8a     0x1a72 mechanism.o
 .debug_info    0x000065fc      0x716 port_driver.o
 .debug_info    0x00006d12     0x12fd TC_driver.o
 .debug_info    0x0000800f     0x19ee testiranje.o
 .debug_info    0x000099fd      0x590 usart_driver.o
 .debug_info    0x00009f8d      0x57d X-Drive_Odometry.o
 *(.gnu.linkonce.wi.*)

.debug_abbrev   0x00000000     0x1280
 *(.debug_abbrev)
 .debug_abbrev  0x00000000      0x23e adc_driver.o
 .debug_abbrev  0x0000023e      0x23b hardware.o
 .debug_abbrev  0x00000479      0x2a7 interrupt.o
 .debug_abbrev  0x00000720      0x256 mechanism.o
 .debug_abbrev  0x00000976      0x132 port_driver.o
 .debug_abbrev  0x00000aa8      0x176 TC_driver.o
 .debug_abbrev  0x00000c1e      0x2d9 testiranje.o
 .debug_abbrev  0x00000ef7      0x1d6 usart_driver.o
 .debug_abbrev  0x000010cd      0x1b3 X-Drive_Odometry.o

.debug_line     0x00000000     0x3e3f
 *(.debug_line)
 .debug_line    0x00000000      0x393 adc_driver.o
 .debug_line    0x00000393      0x4f4 hardware.o
 .debug_line    0x00000887     0x1988 interrupt.o
 .debug_line    0x0000220f      0x70a mechanism.o
 .debug_line    0x00002919      0x268 port_driver.o
 .debug_line    0x00002b81      0x39a TC_driver.o
 .debug_line    0x00002f1b      0x8b3 testiranje.o
 .debug_line    0x000037ce      0x371 usart_driver.o
 .debug_line    0x00003b3f      0x300 X-Drive_Odometry.o

.debug_frame    0x00000000      0xd58
 *(.debug_frame)
 .debug_frame   0x00000000       0xac adc_driver.o
 .debug_frame   0x000000ac       0xf8 hardware.o
 .debug_frame   0x000001a4      0x428 interrupt.o
 .debug_frame   0x000005cc      0x200 mechanism.o
 .debug_frame   0x000007cc       0x90 port_driver.o
 .debug_frame   0x0000085c      0x174 TC_driver.o
 .debug_frame   0x000009d0      0x294 testiranje.o
 .debug_frame   0x00000c64       0xd0 usart_driver.o
 .debug_frame   0x00000d34       0x24 X-Drive_Odometry.o

.debug_str      0x00000000     0x2ff9
 *(.debug_str)
 .debug_str     0x00000000      0xa88 adc_driver.o
                                0xad7 (size before relaxing)
 .debug_str     0x00000a88      0xe4b hardware.o
                               0x1591 (size before relaxing)
 .debug_str     0x000018d3      0x431 interrupt.o
                                0xbf9 (size before relaxing)
 .debug_str     0x00001d04      0x30c mechanism.o
                                0xe0f (size before relaxing)
 .debug_str     0x00002010      0x80b port_driver.o
                                0xb81 (size before relaxing)
 .debug_str     0x0000281b      0x575 TC_driver.o
                                0xbb4 (size before relaxing)
 .debug_str     0x00002d90      0x121 testiranje.o
                                0x846 (size before relaxing)
 .debug_str     0x00002eb1      0x104 usart_driver.o
                                0x3ad (size before relaxing)
 .debug_str     0x00002fb5       0x44 X-Drive_Odometry.o
                                0x4c3 (size before relaxing)

.debug_loc      0x00000000     0x2cff
 *(.debug_loc)
 .debug_loc     0x00000000      0x1fb adc_driver.o
 .debug_loc     0x000001fb       0xf0 hardware.o
 .debug_loc     0x000002eb     0x1221 interrupt.o
 .debug_loc     0x0000150c      0x551 mechanism.o
 .debug_loc     0x00001a5d      0x1f8 port_driver.o
 .debug_loc     0x00001c55      0x378 TC_driver.o
 .debug_loc     0x00001fcd      0x90f testiranje.o
 .debug_loc     0x000028dc      0x40f usart_driver.o
 .debug_loc     0x00002ceb       0x14 X-Drive_Odometry.o

.debug_macinfo
 *(.debug_macinfo)

.debug_pubtypes
 *(.debug_pubtypes)

.debug_ranges   0x00000000      0x330
 *(.debug_ranges)
 .debug_ranges  0x00000000       0x48 adc_driver.o
 .debug_ranges  0x00000048       0x58 hardware.o
 .debug_ranges  0x000000a0       0x58 interrupt.o
 .debug_ranges  0x000000f8       0x38 mechanism.o
 .debug_ranges  0x00000130       0x40 port_driver.o
 .debug_ranges  0x00000170       0xb8 TC_driver.o
 .debug_ranges  0x00000228       0xa0 testiranje.o
 .debug_ranges  0x000002c8       0x58 usart_driver.o
 .debug_ranges  0x00000320       0x10 X-Drive_Odometry.o

.debug_macro
 *(.debug_macro)
OUTPUT(XDRIVE_TIKVIC_V2.0.elf elf32-avr)
LOAD linker stubs
